[
 {
  "v": "s",
  "": "e",
  "i": "r",
  "a": "d"
 },
 {
  "v": "d",
  "": "          ",
  "i": "y",
  "a": "s"
 }
]