[
 {
  "age": "12",
  "name": " Joe",
  "gender": " M",
  "favouritefruit": " bananas",
  "": ""
 },
 {
  "age": "70",
  "name": " Vik",
  "gender": " M",
  "favouritefruit": " grapes",
  "": ""
 },
 {
  "age": "55",
  "name": " Tracy",
  "gender": " F",
  "favouritefruit": " watermelon",
  "": ""
 },
 {
  "age": "2",
  "name": " Guian",
  "gender": " M",
  "favouritefruit": " oranges",
  "": ""
 }
]