[
 {
   "1": "",
   "": "",
   "3": "",
   "3": "",
   "": ""
 },
 {
   "1": "a",
   "": "b",
   "3": "",
   "3": "d",
   "": ""
 },
 {
   "1": "e",
   "": "",
   "3": "g",
   "3": "h",
   "": "i"
 }
]